// Jest Snapshot v1, https://goo.gl/fbAQLP

exports[`should render LoginPage correctly 1`] = `
<div
  className="box-layout"
>
  <div
    className="box-layout__box"
  >
    <h1
      className="box-layout__title"
    >
      Expensify App
    </h1>
    <h2
      className="box-layout__subtitle"
    >
      An application to log your expenses
    </h2>
  </div>
  <div
    className="box-layout__box"
  >
    <Connect(AuthProviders) />
    <h3
      className="box-layout__subtitle box-layout__subtitle--separator"
    >
      <span>
        OR
      </span>
    </h3>
    <LoginForm
      onSubmit={[Function]}
    />
  </div>
  <Link
    className="box-layout__box box-layout__box--link"
    replace={false}
    to="/signup"
  >
    <p
      className="box-layout__message"
    >
      If you don't have an account you can sign up here.
    </p>
  </Link>
</div>
`;
