// Jest Snapshot v1, https://goo.gl/fbAQLP

exports[`should render RetrievePasswordPage correctly 1`] = `
<div
  className="box-layout"
>
  <div
    className="box-layout__box"
  >
    <form
      className="form"
      onSubmit={[Function]}
    >
      <input
        autoComplete="on"
        className="text-input"
        name="email"
        onChange={[Function]}
        placeholder="email"
        type="email"
        value="valid@email.ok"
      />
      <button
        className="button"
        disabled={false}
        type="submit"
      >
        Reset my password
      </button>
      <Link
        replace={false}
        to="/"
      >
        Back to Sign In page
      </Link>
    </form>
  </div>
</div>
`;
