// Jest Snapshot v1, https://goo.gl/fbAQLP

exports[`should render SignUpForm correctly 1`] = `
<form
  className="form"
  onSubmit={[Function]}
>
  <input
    autoComplete="on"
    className="text-input"
    name="userName"
    placeholder="User name"
    type="text"
    value=""
  />
  <input
    autoComplete="on"
    className="text-input"
    name="email"
    placeholder="Email"
    type="email"
    value=""
  />
  <input
    autoComplete="on"
    className="text-input"
    name="password"
    onChange={[Function]}
    placeholder="Password"
    type="password"
    value=""
  />
  <input
    autoComplete="on"
    className="text-input"
    name="passwordConfirmation"
    onChange={[Function]}
    placeholder="Password confirmation"
    type="password"
  />
  <button
    className="button"
    disabled={true}
    type="submit"
  >
    Sign Up
  </button>
</form>
`;
